>>> matrix_divided = __import__('2-matrix_divided').matrix_divided

>>> try:
...     matrix = [[1,2,3],[5,6,8]]
...     print(matrix_divided(matrix,2))
... except Exception as e:
...     print(e)
[[0.5, 1.0, 1.5], [2.5, 3.0, 4.0]]

>>> try:
...     matrix = [[1,2,3.488],[5,6,8.158,0]]
...     print(matrix_divided(matrix,2))
... except Exception as e:
...     print(f"TypeError: {e}")
TypeError: Each row of the matrix must have the same size

>>> try:
...     matrix = [[1,2,3.488],[5,6,8]]
...     print(matrix_divided(matrix,"8"))
... except Exception as e:
...     print(f"TypeError: {e}")
TypeError: div must be a number

>>> try:
...     matrix = [[1,2,3.488],[5,6,8]]
...     print(matrix_divided(matrix,0))
... except Exception as e:
...     print(f"ZeroDivisionError: {e}")
ZeroDivisionError: division by zero

>>> try:
...     matrix = [[1,2,3.488],[5,"6",8.158]]
...     print(matrix_divided(matrix,2))
... except Exception as e:
...     print(f"TypeError: {e}")
TypeError: matrix must be a matrix of (list of lists) integers/floats
