>>> print_square = __import__('4-print_square').print_square

>>> print_square(4)
####
####
####
####

>>> print_square(0)

>>> try:
...     print_square(0.9)
... except Exception as e:
...     print(f"TypeError: {e}")
TypeError: size must be an integer

>>> try:
...     print_square(-9)
... except Exception as e:
...     print(f"ValueError: {e}")
ValueError: size must be >= 0

>>> try:
...     print_square()
... except Exception as e:
...     print(f"TypeError: {e}")
TypeError: print_square() missing 1 required positional argument: 'size'
